// <autogenerated/>
using ExecutionContext = Microsoft.Azure.WebJobs.ExecutionContext;
using Microsoft.Azure.ServiceBus;
using Microsoft.Azure.ServiceBus.Core;
using Microsoft.Azure.WebJobs;
using Microsoft.Extensions.Logging;
using System.Threading;
using System.Threading.Tasks;
using NServiceBus;

class FunctionEndpointTrigger
{
    readonly FunctionEndpoint endpoint;

    public FunctionEndpointTrigger(FunctionEndpoint endpoint)
    {
        this.endpoint = endpoint;
    }

    [FunctionName("NServiceBusFunctionEndpointTrigger-endpoint")]
    public async Task Run(
        [ServiceBusTrigger(queueName: "endpoint", AutoComplete = false)]
        Message message,
        MessageReceiver messageReceiver,
        ILogger logger,
        ExecutionContext executionContext,
        CancellationToken cancellationToken)
    {
        await endpoint.ProcessTransactional(message, executionContext, messageReceiver, logger, cancellationToken);
    }
}