// <autogenerated/>
<<<<<<< HEAD:src/NServiceBus.AzureFunctions.SourceGenerator.Tests/ApprovalFiles/SourceGeneratorApprovals2.Can_enable_transactions.approved.txt
using Microsoft.Azure.ServiceBus;
using Microsoft.Azure.ServiceBus.Core;
=======
using ExecutionContext = Microsoft.Azure.WebJobs.ExecutionContext;
>>>>>>> 6fca7ee (Update to Microsoft.Azure.WebJobs.Extensions.ServiceBus 5.2.0 (#393)):src/NServiceBus.AzureFunctions.SourceGenerator.Tests/ApprovalFiles/SourceGeneratorApprovals.Can_enable_transactions.approved.txt
using Microsoft.Azure.WebJobs;
using Microsoft.Extensions.Logging;
using System.Threading.Tasks;
using Azure.Messaging.ServiceBus;
using Microsoft.Azure.WebJobs.ServiceBus;
using NServiceBus;

class FunctionEndpointTrigger
{
    readonly IFunctionEndpoint endpoint;

    public FunctionEndpointTrigger(IFunctionEndpoint endpoint)
    {
        this.endpoint = endpoint;
    }

    [FunctionName("NServiceBusFunctionEndpointTrigger-endpoint")]
    public Task Run(
        [ServiceBusTrigger(queueName: "endpoint", AutoCompleteMessages = false)]
        ServiceBusReceivedMessage message,
        ServiceBusClient client,
        ServiceBusMessageActions messageActions,
        ILogger logger,
        ExecutionContext executionContext)
    {
<<<<<<< HEAD:src/NServiceBus.AzureFunctions.SourceGenerator.Tests/ApprovalFiles/SourceGeneratorApprovals2.Can_enable_transactions.approved.txt
        await endpoint.Process(message, executionContext, messageReceiver, true, logger);
=======
        return endpoint.ProcessAtomic(message, executionContext, client, messageActions, logger, cancellationToken);
>>>>>>> 6fca7ee (Update to Microsoft.Azure.WebJobs.Extensions.ServiceBus 5.2.0 (#393)):src/NServiceBus.AzureFunctions.SourceGenerator.Tests/ApprovalFiles/SourceGeneratorApprovals.Can_enable_transactions.approved.txt
    }
}