// <autogenerated/>
using Microsoft.Azure.ServiceBus;
using Microsoft.Azure.ServiceBus.Core;
using Microsoft.Azure.WebJobs;
using Microsoft.Extensions.Logging;
using System.Threading.Tasks;
using NServiceBus;

class FunctionEndpointTrigger
{
    readonly FunctionEndpoint endpoint;

    public FunctionEndpointTrigger(FunctionEndpoint endpoint)
    {
        this.endpoint = endpoint;
    }

    [FunctionName("NServiceBusFunctionEndpointTrigger-endpoint")]
    public async Task Run(
        [ServiceBusTrigger(queueName: "endpoint", AutoComplete = true)]
        Message message,
        MessageReceiver messageReceiver,
        ILogger logger,
        ExecutionContext executionContext)
    {
        await endpoint.ProcessNonTransactional(message, executionContext, messageReceiver, logger);
    }
}