// <autogenerated/>
using Microsoft.Azure.ServiceBus;
using Microsoft.Azure.WebJobs;
using Microsoft.Extensions.Logging;
using System.Threading.Tasks;
using NServiceBus;

class FunctionEndpointTrigger
{
    readonly IFunctionEndpoint endpoint;

    public FunctionEndpointTrigger(IFunctionEndpoint endpoint)
    {
        this.endpoint = endpoint;
    }

    [FunctionName("trigger")]
    public async Task Run(
        [ServiceBusTrigger(queueName: "endpoint", AutoComplete: false)]
        Message message,
        MessageReceiver messageReceiver,
        ILogger logger,
        ExecutionContext executionContext)
    {
        await endpoint.ProcessTransactional(message, executionContext, messageReceiver, logger);
    }
}