// <autogenerated/>
using ExecutionContext = Microsoft.Azure.WebJobs.ExecutionContext;
using Microsoft.Azure.WebJobs;
using Microsoft.Extensions.Logging;
using System.Threading;
using System.Threading.Tasks;
using Azure.Messaging.ServiceBus;
using Microsoft.Azure.WebJobs.ServiceBus;
using NServiceBus;

[global::System.Runtime.CompilerServices.CompilerGeneratedAttribute()]
class FunctionEndpointTrigger
{
    readonly IFunctionEndpoint endpoint;

    public FunctionEndpointTrigger(IFunctionEndpoint endpoint)
    {
        this.endpoint = endpoint;
    }

    [FunctionName("trigger")]
    public Task Run(
        [ServiceBusTrigger(queueName: "endpoint", AutoCompleteMessages = false)]
        ServiceBusReceivedMessage message,
        ServiceBusClient client,
        ServiceBusMessageActions messageActions,
        ILogger logger,
        ExecutionContext executionContext,
        CancellationToken cancellationToken)
    {
        return endpoint.ProcessAtomic(message, executionContext, client, messageActions, logger, cancellationToken);
    }
}