// <autogenerated/>
<<<<<<< HEAD:src/NServiceBus.AzureFunctions.SourceGenerator.Tests/ApprovalFiles/SourceGeneratorApprovals2.Can_override_trigger_function_name.approved.txt
using Microsoft.Azure.ServiceBus;
using Microsoft.Azure.ServiceBus.Core;
=======
using ExecutionContext = Microsoft.Azure.WebJobs.ExecutionContext;
>>>>>>> 6fca7ee (Update to Microsoft.Azure.WebJobs.Extensions.ServiceBus 5.2.0 (#393)):src/NServiceBus.AzureFunctions.SourceGenerator.Tests/ApprovalFiles/SourceGeneratorApprovals.Can_override_trigger_function_name.approved.txt
using Microsoft.Azure.WebJobs;
using Microsoft.Extensions.Logging;
using System.Threading.Tasks;
using Azure.Messaging.ServiceBus;
using NServiceBus;

class FunctionEndpointTrigger
{
    readonly IFunctionEndpoint endpoint;

    public FunctionEndpointTrigger(IFunctionEndpoint endpoint)
    {
        this.endpoint = endpoint;
    }

    [FunctionName("trigger")]
    public Task Run(
        [ServiceBusTrigger(queueName: "endpoint", AutoCompleteMessages = true)]
        ServiceBusReceivedMessage message,
        ILogger logger,
        ExecutionContext executionContext)
    {
<<<<<<< HEAD:src/NServiceBus.AzureFunctions.SourceGenerator.Tests/ApprovalFiles/SourceGeneratorApprovals2.Can_override_trigger_function_name.approved.txt
        await endpoint.Process(message, executionContext, messageReceiver, false, logger);
=======
        return endpoint.ProcessNonAtomic(message, executionContext, logger, cancellationToken);
>>>>>>> 6fca7ee (Update to Microsoft.Azure.WebJobs.Extensions.ServiceBus 5.2.0 (#393)):src/NServiceBus.AzureFunctions.SourceGenerator.Tests/ApprovalFiles/SourceGeneratorApprovals.Can_override_trigger_function_name.approved.txt
    }
}